# MIT License
# Copyright (c) 2025 dbjwhs

cmake_minimum_required(VERSION 3.31)
project(cpp23_expected)

set(CMAKE_CXX_STANDARD 23)

add_executable(cpp23_expected src/expected.cpp)
